// Jest Snapshot v1, https://goo.gl/fbAQLP

exports[`check the behaviour of the delete-todo natwork service delete todos failed with an error 1`] = `"Some API Error"`;
