// Jest Snapshot v1, https://goo.gl/fbAQLP

exports[`check the behaviour of the fetch-todo natwork service fetch todos failed with an error 1`] = `"Some API Error"`;
