// Jest Snapshot v1, https://goo.gl/fbAQLP

exports[`check the behaviour of the storage service wrapper check method GET, when there is an error 1`] = `[Error: Could not receive the test_key from cache]`;
