// Jest Snapshot v1, https://goo.gl/fbAQLP

exports[`check the behaviour of the separator component the separator component renders correctly 1`] = `
<View
  style={
    Array [
      Object {
        "alignItems": "center",
        "backgroundColor": "#FFFFFF",
        "width": "100%",
      },
      undefined,
    ]
  }
>
  <View
    style={
      Object {
        "backgroundColor": "#D5D8DF",
        "height": 1,
        "opacity": 0.5,
        "width": "100%",
      }
    }
  />
</View>
`;
