// Jest Snapshot v1, https://goo.gl/fbAQLP

exports[`check the behaviour of the fetch-user natwork service fetch user failed with an error 1`] = `"Some API Error"`;
