// Jest Snapshot v1, https://goo.gl/fbAQLP

exports[`check the behaviour of the custom button component the custom button component renders correctly 1`] = `
<View
  accessible={true}
  collapsable={false}
  focusable={true}
  nativeID="animatedComponent"
  onClick={[Function]}
  onResponderGrant={[Function]}
  onResponderMove={[Function]}
  onResponderRelease={[Function]}
  onResponderTerminate={[Function]}
  onResponderTerminationRequest={[Function]}
  onStartShouldSetResponder={[Function]}
  style={
    Object {
      "alignItems": "center",
      "alignSelf": "stretch",
      "backgroundColor": "#7C2AF7",
      "borderRadius": 50,
      "flexDirection": "row",
      "justifyContent": "center",
      "opacity": 1,
      "paddingVertical": 12,
    }
  }
  testID="custom_button"
>
  <Text
    style={
      Object {
        "color": "#FFFFFF",
        "fontFamily": "DMSans-Medium",
        "fontSize": 13,
        "letterSpacing": 0.02,
        "lineHeight": 16,
      }
    }
  >
    SIGN IN
  </Text>
</View>
`;
