// Jest Snapshot v1, https://goo.gl/fbAQLP

exports[`check the behaviour of the authenticate natwork service user authentication failed with an error 1`] = `"Some API Error"`;
